src/layouts/AdminLayout.tsx(17,1): error TS6133: 'Button' is declared but its value is never read.
src/pages/admin/Dashboard.tsx(3,52): error TS6133: 'CardDescription' is declared but its value is never read.
src/pages/admin/Dashboard.tsx(5,1): error TS6192: All imports in import declaration are unused.
src/pages/admin/Dashboard.tsx(12,62): error TS6133: 'Legend' is declared but its value is never read.
src/pages/admin/Dashboard.tsx(14,116): error TS6133: 'recentActivity' is declared but its value is never read.
src/pages/admin/Dashboard.tsx(84,56): error TS2322: Type '{ value: string; change: string; }' is not assignable to type 'ReactNode'.
src/pages/admin/Dashboard.tsx(123,23): error TS2322: Type '(value: any, name: string) => [string, string]' is not assignable to type 'Formatter<ValueType, NameType> & ((value: ValueType, name: NameType, item: TooltipPayloadEntry, index: number, payload: TooltipPayload) => ReactNode | [...])'.
  Type '(value: any, name: string) => [string, string]' is not assignable to type 'Formatter<ValueType, NameType>'.
    Types of parameters 'name' and 'name' are incompatible.
      Type 'NameType | undefined' is not assignable to type 'string'.
        Type 'undefined' is not assignable to type 'string'.
src/pages/admin/Dashboard.tsx(264,47): error TS6133: 'entry' is declared but its value is never read.
src/pages/Login.tsx(41,27): error TS6133: 'data' is declared but its value is never read.
